// Jest Snapshot v1, https://goo.gl/fbAQLP

exports[`Home page matches snapshot 1`] = `
<DocumentFragment>
  <main
    class="flex flex-col items-center"
  >
    <h1
      class="text-4xl font-bold opacity-80"
    >
      NextJS Template
    </h1>
    <a
      class="uppercase text-sm py-2 px-4 border-blue-500 border rounded-3xl mt-8 text-blue-500 font-medium hover:bg-blue-50"
      href="https://github.com/anandaprabawa/nextjs-template"
      rel="noreferrer"
      target="_blank"
    >
      Go to repository
    </a>
  </main>
</DocumentFragment>
`;
